LICENSE
README.md
fesm2022
  fesm2022/example-with-ts-library.mjs
  fesm2022/example-with-ts-library.mjs.map
  fesm2022/portal.mjs
  fesm2022/portal.mjs.map
  fesm2022/utils.mjs
  fesm2022/utils.mjs.map
index.d.ts
package.json
portal
  portal/index.d.ts
utils
  utils/index.d.ts
--- LICENSE ---

The MIT License

Copyright (c) 2010-2025 Google LLC. https://angular.dev/license

Permission is hereby granted, free of charge, to any person obtaining a copy
of this software and associated documentation files (the "Software"), to deal
in the Software without restriction, including without limitation the rights
to use, copy, modify, merge, publish, distribute, sublicense, and/or sell
copies of the Software, and to permit persons to whom the Software is
furnished to do so, subject to the following conditions:

The above copyright notice and this permission notice shall be included in
all copies or substantial portions of the Software.

THE SOFTWARE IS PROVIDED "AS IS", WITHOUT WARRANTY OF ANY KIND, EXPRESS OR
IMPLIED, INCLUDING BUT NOT LIMITED TO THE WARRANTIES OF MERCHANTABILITY,
FITNESS FOR A PARTICULAR PURPOSE AND NONINFRINGEMENT. IN NO EVENT SHALL THE
AUTHORS OR COPYRIGHT HOLDERS BE LIABLE FOR ANY CLAIM, DAMAGES OR OTHER
LIABILITY, WHETHER IN AN ACTION OF CONTRACT, TORT OR OTHERWISE, ARISING FROM,
OUT OF OR IN CONNECTION WITH THE SOFTWARE OR THE USE OR OTHER DEALINGS IN
THE SOFTWARE.


--- README.md ---

Angular
=======

The sources for this package are in the main [Angular](https://github.com/angular/angular) repo. Please file issues and pull requests against that repo.

Usage information and reference details can be found in [Angular documentation](https://angular.dev/overview).

License: MIT


--- fesm2022/example-with-ts-library.mjs ---

/**
 * @license Angular v0.0.0
 * (c) 2010-2024 Google LLC. https://angular.io/
 * License: MIT
 */

const VERSION = '0.0.0';

export { VERSION };
//# sourceMappingURL=example-with-ts-library.mjs.map


--- fesm2022/portal.mjs ---

/**
 * @license Angular v0.0.0
 * (c) 2010-2024 Google LLC. https://angular.io/
 * License: MIT
 */

import * as i0 from '@angular/core';
import { NgModule } from '@angular/core';

class PortalModule {
    static ɵfac = i0.ɵɵngDeclareFactory({ minVersion: "12.0.0", version: "0.0.0", ngImport: i0, type: PortalModule, deps: [], target: i0.ɵɵFactoryTarget.NgModule });
    static ɵmod = i0.ɵɵngDeclareNgModule({ minVersion: "14.0.0", version: "0.0.0", ngImport: i0, type: PortalModule });
    static ɵinj = i0.ɵɵngDeclareInjector({ minVersion: "12.0.0", version: "0.0.0", ngImport: i0, type: PortalModule });
}
i0.ɵɵngDeclareClassMetadata({ minVersion: "12.0.0", version: "0.0.0", ngImport: i0, type: PortalModule, decorators: [{
            type: NgModule,
            args: [{}]
        }] });
const a = 1;

/**
 * Generated bundle index. Do not edit.
 */

export { PortalModule, a };
//# sourceMappingURL=portal.mjs.map


--- fesm2022/utils.mjs ---

/**
 * @license Angular v0.0.0
 * (c) 2010-2024 Google LLC. https://angular.io/
 * License: MIT
 */

function dispatchFakeEvent(el, ev) {
    el.dispatchEvent(ev);
}

export { dispatchFakeEvent };
//# sourceMappingURL=utils.mjs.map


--- index.d.ts ---

/**
 * @license Angular v0.0.0
 * (c) 2010-2024 Google LLC. https://angular.io/
 * License: MIT
 */



export declare const VERSION = "0.0.0";

export { }


--- package.json ---

{
  "name": "example-with-ts-library",
  "version": "0.0.0",
  "schematics": "Custom property that should be preserved.",
  "module": "./fesm2022/example-with-ts-library.mjs",
  "typings": "./index.d.ts",
  "type": "module",
  "exports": {
    "./package.json": {
      "default": "./package.json"
    },
    ".": {
      "types": "./index.d.ts",
      "default": "./fesm2022/example-with-ts-library.mjs"
    },
    "./portal": {
      "types": "./portal/index.d.ts",
      "default": "./fesm2022/portal.mjs"
    },
    "./utils": {
      "types": "./utils/index.d.ts",
      "default": "./fesm2022/utils.mjs"
    }
  }
}

--- portal/index.d.ts ---

/**
 * @license Angular v0.0.0
 * (c) 2010-2024 Google LLC. https://angular.io/
 * License: MIT
 */


import * as i0 from '@angular/core';

export declare const a = 1;

export declare class PortalModule {
    static ɵfac: i0.ɵɵFactoryDeclaration<PortalModule, never>;
    static ɵmod: i0.ɵɵNgModuleDeclaration<PortalModule, never, never, never>;
    static ɵinj: i0.ɵɵInjectorDeclaration<PortalModule>;
}

export { }


--- utils/index.d.ts ---

/**
 * @license Angular v0.0.0
 * (c) 2010-2024 Google LLC. https://angular.io/
 * License: MIT
 */



export declare function dispatchFakeEvent(el: HTMLElement, ev: Event): void;

export { }

