[
  [
    "packages/core/src/render3/interfaces/container.ts",
    "packages/core/src/render3/interfaces/view.ts"
  ],
  [
    "packages/router/src/directives/router_outlet.ts",
    "packages/router/src/router_outlet_context.ts"
  ],
  [
    "packages/router/src/models.ts",
    "packages/router/src/router_state.ts"
  ],
  [
    "packages/router/src/models.ts",
    "packages/router/src/url_tree.ts",
    "packages/router/src/shared.ts"
  ],
  [
    "packages/router/src/navigation_transition.ts",
    "packages/router/src/operators/activate_routes.ts"
  ],
  [
    "packages/router/src/navigation_transition.ts",
    "packages/router/src/operators/check_guards.ts"
  ],
  [
    "packages/router/src/navigation_transition.ts",
    "packages/router/src/operators/recognize.ts"
  ],
  [
    "packages/router/src/navigation_transition.ts",
    "packages/router/src/operators/resolve_data.ts"
  ],
  [
    "packages/router/src/shared.ts",
    "packages/router/src/url_tree.ts"
  ]
]